// Vitest Snapshot v1, https://vitest.dev/guide/snapshot.html

exports[`getIndexHash > getIndexHash({"hashed":false}) should return '0' 1`] = `null`;

exports[`getIndexHash > getIndexHash({"hashed":true,"indexBlog":true,"blogDir":["/tmp/blog"]}) should return '0' 1`] = `null`;

exports[`getIndexHash > getIndexHash({"hashed":true,"indexDocs":true,"docsDir":["/does-not-exist/docs"]}) should return '1' 1`] = `null`;

exports[`getIndexHash > getIndexHash({"hashed":true,"indexDocs":true,"docsDir":["/tmp/docs"]}) should return '0' 1`] = `"c9c4419d"`;

exports[`getIndexHash > getIndexHash({"hashed":true,"indexDocs":true,"docsDir":["/tmp/index.js"]}) should return '1' 1`] = `null`;
